// Jest Snapshot v1, https://goo.gl/fbAQLP

exports[`Countdown should match snapshot 1`] = `
<div
  class="flex-row flex-wrap items-end justify-around text-center uppercase"
  role="countdown"
>
  <div
    class="inline-flex flex-col w-1/4 px-1 after:absolute after:text-2xl after:content-[':'] after:absolute after:right-0 after:bottom-0 relative"
    role="dialitem"
  >
    <div>
      hours
    </div>
    <div
      class="text-2xl"
    >
      14
    </div>
  </div>
  <div
    class="inline-flex flex-col w-1/4 px-1 after:absolute after:text-2xl after:content-[':'] after:absolute after:right-0 after:bottom-0 relative"
    role="dialitem"
  >
    <div>
      minutes
    </div>
    <div
      class="text-2xl"
    >
      53
    </div>
  </div>
  <div
    class="inline-flex flex-col w-1/4 px-1 "
    role="dialitem"
  >
    <div>
      seconds  
    </div>
    <div
      class="text-2xl"
    >
      02
    </div>
  </div>
</div>
`;
