// Jest Snapshot v1, https://goo.gl/fbAQLP

exports[`DialItem should match snapshot 1`] = `
<div
  class="inline-flex flex-col w-1/4 px-1 after:absolute after:text-2xl after:content-[':'] after:absolute after:right-0 after:bottom-0 relative"
  role="dialitem"
>
  <div>
    test
  </div>
  <div
    class="text-2xl"
  >
    05
  </div>
</div>
`;
