// Jest Snapshot v1, https://goo.gl/fbAQLP

exports[`Input should match snapshot 1`] = `
<input
  class="mx-1 px-1 rounded bg-gray-200"
  placeholder="test holder"
  type="text"
  value="test value"
/>
`;
